// Jest Snapshot v1, https://goo.gl/fbAQLP

exports[`render without crash 1`] = `ShallowWrapper {}`;
